2026-08-31 17:31:28.163 +10:00 [INF] (Serilog.AspNetCore.RequestLoggingMiddleware) HTTP GET / responded 200 in 193.3252 ms
2026-08-31 17:31:28.233 +10:00 [INF] (Serilog.AspNetCore.RequestLoggingMiddleware) HTTP GET /MusicDB.80nk120vwj.styles.css responded 200 in 31.0888 ms
2026-08-31 17:31:28.233 +10:00 [INF] (Serilog.AspNetCore.RequestLoggingMiddleware) HTTP GET /js/site.xtxxf3hu2r.js responded 200 in 29.5947 ms
2026-08-31 17:31:28.238 +10:00 [INF] (Serilog.AspNetCore.RequestLoggingMiddleware) HTTP GET /css/tracks.60p4zvwlxu.css responded 200 in 36.5011 ms
2026-08-31 17:31:28.238 +10:00 [INF] (Serilog.AspNetCore.RequestLoggingMiddleware) HTTP GET /css/records.66o01xzqq9.css responded 200 in 36.5047 ms
2026-08-31 17:31:28.238 +10:00 [INF] (Serilog.AspNetCore.RequestLoggingMiddleware) HTTP GET /css/discs.xt99n891vr.css responded 200 in 36.6038 ms
2026-08-31 17:31:28.238 +10:00 [INF] (Serilog.AspNetCore.RequestLoggingMiddleware) HTTP GET /lib/jquery/dist/jquery.min.o1o13a6vjx.js responded 200 in 35.1796 ms
2026-08-31 17:31:28.238 +10:00 [INF] (Serilog.AspNetCore.RequestLoggingMiddleware) HTTP GET /css/site.0rta2o1vyv.css responded 200 in 36.6682 ms
2026-08-31 17:31:28.238 +10:00 [INF] (Serilog.AspNetCore.RequestLoggingMiddleware) HTTP GET /css/artists.syxk3zi6bf.css responded 200 in 36.6866 ms
2026-08-31 17:31:28.242 +10:00 [INF] (Serilog.AspNetCore.RequestLoggingMiddleware) HTTP GET /lib/bootstrap/dist/js/bootstrap.bundle.min.493y06b0oq.js responded 200 in 38.4273 ms
2026-08-31 17:31:28.244 +10:00 [INF] (Serilog.AspNetCore.RequestLoggingMiddleware) HTTP GET /lib/bootstrap/dist/css/bootstrap.min.46ein0sx1k.css responded 200 in 42.1589 ms
2026-08-31 17:31:34.082 +10:00 [INF] (Microsoft.EntityFrameworkCore.Database.Command) Executed DbCommand (28ms) [Parameters=[], CommandType='"Text"', CommandTimeout='30']
SELECT CONVERT(varchar(11), [r].[RecordId]) AS [Value], COALESCE([r].[Name], N'Unknown Record') AS [Text]
FROM [Record] AS [r]
ORDER BY [r].[Name]
2026-08-31 17:31:34.155 +10:00 [INF] (Serilog.AspNetCore.RequestLoggingMiddleware) HTTP GET /Records/RecordSearch responded 200 in 1121.6982 ms
2026-08-31 17:31:34.191 +10:00 [INF] (Serilog.AspNetCore.RequestLoggingMiddleware) HTTP GET /lib/bootstrap/dist/css/bootstrap.min.46ein0sx1k.css responded 200 in 5.9520 ms
2026-08-31 17:31:34.193 +10:00 [INF] (Serilog.AspNetCore.RequestLoggingMiddleware) HTTP GET /MusicDB.80nk120vwj.styles.css responded 200 in 1.0172 ms
2026-08-31 17:31:34.201 +10:00 [INF] (Serilog.AspNetCore.RequestLoggingMiddleware) HTTP GET /js/site.xtxxf3hu2r.js responded 200 in 1.9149 ms
2026-08-31 17:31:34.206 +10:00 [INF] (Serilog.AspNetCore.RequestLoggingMiddleware) HTTP GET /css/site.0rta2o1vyv.css responded 200 in 19.3336 ms
2026-08-31 17:31:34.206 +10:00 [INF] (Serilog.AspNetCore.RequestLoggingMiddleware) HTTP GET /css/records.66o01xzqq9.css responded 200 in 18.6807 ms
2026-08-31 17:31:34.206 +10:00 [INF] (Serilog.AspNetCore.RequestLoggingMiddleware) HTTP GET /css/tracks.60p4zvwlxu.css responded 200 in 18.6535 ms
2026-08-31 17:31:34.206 +10:00 [INF] (Serilog.AspNetCore.RequestLoggingMiddleware) HTTP GET /css/artists.syxk3zi6bf.css responded 200 in 19.3509 ms
2026-08-31 17:31:34.206 +10:00 [INF] (Serilog.AspNetCore.RequestLoggingMiddleware) HTTP GET /css/discs.xt99n891vr.css responded 200 in 18.8213 ms
2026-08-31 17:31:34.210 +10:00 [INF] (Serilog.AspNetCore.RequestLoggingMiddleware) HTTP GET /lib/jquery/dist/jquery.min.o1o13a6vjx.js responded 200 in 12.0497 ms
2026-08-31 17:31:34.239 +10:00 [INF] (Serilog.AspNetCore.RequestLoggingMiddleware) HTTP GET /lib/bootstrap/dist/js/bootstrap.bundle.min.493y06b0oq.js responded 200 in 40.4035 ms
2026-08-31 17:32:27.031 +10:00 [INF] (Serilog.AspNetCore.RequestLoggingMiddleware) HTTP GET /Records/RecordSearch responded 302 in 7.9157 ms
2026-08-31 17:32:27.160 +10:00 [INF] (Microsoft.EntityFrameworkCore.Database.Command) Executed DbCommand (16ms) [Parameters=[@id='?' (DbType = Int32)], CommandType='"Text"', CommandTimeout='30']
SELECT TOP(1) [r].[RecordId], [r].[ArtistId], [r].[CoverName], [r].[Discs], [r].[Field], [r].[Folder], [r].[Length], [r].[Name], [r].[Recorded], [r].[Review], [r].[SubTitle], [a].[ArtistId], [a].[Biography], [a].[FirstName], [a].[Folder], [a].[LastName], [a].[Name], [a].[RecordArtistId]
FROM [Record] AS [r]
INNER JOIN [Artist] AS [a] ON [r].[ArtistId] = [a].[ArtistId]
WHERE [r].[RecordId] = @id
2026-08-31 17:32:27.217 +10:00 [INF] (Microsoft.EntityFrameworkCore.Database.Command) Executed DbCommand (14ms) [Parameters=[@id='?' (DbType = Int32)], CommandType='"Text"', CommandTimeout='30']
SELECT [d].[DiscId], [d].[DiscNumber], [d].[Duration], [d].[Folder], [d].[Length], [d].[Name], [d].[RecordId], [d].[SubTitle], [t].[TrackId], [t].[Album], [t].[Artist], [t].[AudioChannels], [t].[AudioSampleRate], [t].[BitRate], [t].[Bits], [t].[DiscId], [t].[DiscNumber], [t].[Duration], [t].[Field], [t].[Folder], [t].[Length], [t].[Media], [t].[Name], [t].[Number], [t].[Recorded], [t].[Title]
FROM [Disc] AS [d]
LEFT JOIN [Track] AS [t] ON [d].[DiscId] = [t].[DiscId]
WHERE [d].[RecordId] = @id
ORDER BY [d].[DiscNumber], [d].[DiscId]
2026-08-31 17:32:27.242 +10:00 [INF] (Serilog.AspNetCore.RequestLoggingMiddleware) HTTP GET /Records/RecordView/299 responded 200 in 203.7725 ms
2026-08-31 17:32:27.289 +10:00 [INF] (Serilog.AspNetCore.RequestLoggingMiddleware) HTTP GET /lib/bootstrap/dist/css/bootstrap.min.46ein0sx1k.css responded 200 in 3.6799 ms
2026-08-31 17:32:27.291 +10:00 [INF] (Serilog.AspNetCore.RequestLoggingMiddleware) HTTP GET /css/site.0rta2o1vyv.css responded 200 in 0.9554 ms
2026-08-31 17:32:27.292 +10:00 [INF] (Serilog.AspNetCore.RequestLoggingMiddleware) HTTP GET /MusicDB.80nk120vwj.styles.css responded 200 in 0.5415 ms
2026-08-31 17:32:27.292 +10:00 [INF] (Serilog.AspNetCore.RequestLoggingMiddleware) HTTP GET /css/discs.xt99n891vr.css responded 200 in 0.8484 ms
2026-08-31 17:32:27.292 +10:00 [INF] (Serilog.AspNetCore.RequestLoggingMiddleware) HTTP GET /css/records.66o01xzqq9.css responded 200 in 1.0175 ms
2026-08-31 17:32:27.292 +10:00 [INF] (Serilog.AspNetCore.RequestLoggingMiddleware) HTTP GET /css/artists.syxk3zi6bf.css responded 200 in 0.9080 ms
2026-08-31 17:32:27.292 +10:00 [INF] (Serilog.AspNetCore.RequestLoggingMiddleware) HTTP GET /css/tracks.60p4zvwlxu.css responded 200 in 0.8510 ms
2026-08-31 17:32:27.292 +10:00 [INF] (Serilog.AspNetCore.RequestLoggingMiddleware) HTTP GET /css/record-view.ucwwr10jqe.css responded 200 in 0.9121 ms
2026-08-31 17:32:27.295 +10:00 [INF] (Serilog.AspNetCore.RequestLoggingMiddleware) HTTP GET /lib/jquery/dist/jquery.min.o1o13a6vjx.js responded 200 in 3.4367 ms
2026-08-31 17:32:27.296 +10:00 [INF] (Serilog.AspNetCore.RequestLoggingMiddleware) HTTP GET /js/site.xtxxf3hu2r.js responded 200 in 1.2280 ms
2026-08-31 17:32:27.296 +10:00 [INF] (Serilog.AspNetCore.RequestLoggingMiddleware) HTTP GET /lib/bootstrap/dist/js/bootstrap.bundle.min.493y06b0oq.js responded 200 in 3.9800 ms
2026-08-31 17:32:28.951 +10:00 [INF] (Microsoft.EntityFrameworkCore.Database.Command) Executed DbCommand (2ms) [Parameters=[@id='?' (DbType = Int32)], CommandType='"Text"', CommandTimeout='30']
SELECT TOP(1) [r].[RecordId], [r].[ArtistId], [r].[CoverName], [r].[Discs], [r].[Field], [r].[Folder], [r].[Length], [r].[Name], [r].[Recorded], [r].[Review], [r].[SubTitle], [a].[ArtistId], [a].[Biography], [a].[FirstName], [a].[Folder], [a].[LastName], [a].[Name], [a].[RecordArtistId]
FROM [Record] AS [r]
INNER JOIN [Artist] AS [a] ON [r].[ArtistId] = [a].[ArtistId]
WHERE [r].[RecordId] = @id
2026-08-31 17:32:28.969 +10:00 [INF] (Serilog.AspNetCore.RequestLoggingMiddleware) HTTP GET /Records/Details/299 responded 200 in 92.3627 ms
2026-08-31 17:32:29.013 +10:00 [INF] (Serilog.AspNetCore.RequestLoggingMiddleware) HTTP GET /css/site.0rta2o1vyv.css responded 200 in 0.8717 ms
2026-08-31 17:32:29.013 +10:00 [INF] (Serilog.AspNetCore.RequestLoggingMiddleware) HTTP GET /MusicDB.80nk120vwj.styles.css responded 200 in 0.4647 ms
2026-08-31 17:32:29.014 +10:00 [INF] (Serilog.AspNetCore.RequestLoggingMiddleware) HTTP GET /lib/bootstrap/dist/css/bootstrap.min.46ein0sx1k.css responded 200 in 3.1307 ms
2026-08-31 17:32:29.014 +10:00 [INF] (Serilog.AspNetCore.RequestLoggingMiddleware) HTTP GET /css/records.66o01xzqq9.css responded 200 in 1.3632 ms
2026-08-31 17:32:29.014 +10:00 [INF] (Serilog.AspNetCore.RequestLoggingMiddleware) HTTP GET /css/artists.syxk3zi6bf.css responded 200 in 1.4064 ms
2026-08-31 17:32:29.014 +10:00 [INF] (Serilog.AspNetCore.RequestLoggingMiddleware) HTTP GET /css/tracks.60p4zvwlxu.css responded 200 in 1.0578 ms
2026-08-31 17:32:29.014 +10:00 [INF] (Serilog.AspNetCore.RequestLoggingMiddleware) HTTP GET /css/discs.xt99n891vr.css responded 200 in 1.0831 ms
2026-08-31 17:32:29.014 +10:00 [INF] (Serilog.AspNetCore.RequestLoggingMiddleware) HTTP GET /css/record-details.86xie4sfff.css responded 200 in 0.9642 ms
2026-08-31 17:32:29.016 +10:00 [INF] (Serilog.AspNetCore.RequestLoggingMiddleware) HTTP GET /lib/bootstrap/dist/js/bootstrap.bundle.min.493y06b0oq.js responded 200 in 1.4843 ms
2026-08-31 17:32:29.016 +10:00 [INF] (Serilog.AspNetCore.RequestLoggingMiddleware) HTTP GET /lib/jquery/dist/jquery.min.o1o13a6vjx.js responded 200 in 2.3880 ms
2026-08-31 17:32:29.017 +10:00 [INF] (Serilog.AspNetCore.RequestLoggingMiddleware) HTTP GET /js/site.xtxxf3hu2r.js responded 200 in 0.9771 ms
2026-08-31 17:32:56.356 +10:00 [INF] (Microsoft.EntityFrameworkCore.Database.Command) Executed DbCommand (2ms) [Parameters=[], CommandType='"Text"', CommandTimeout='30']
SELECT CONVERT(varchar(11), [a].[ArtistId]) AS [Value], COALESCE([a].[Name], N'Unknown Artist') AS [Text]
FROM [Artist] AS [a]
ORDER BY [a].[Name]
2026-08-31 17:32:56.366 +10:00 [INF] (Microsoft.EntityFrameworkCore.Database.Command) Executed DbCommand (1ms) [Parameters=[@SelectedArtistId_Value='?' (DbType = Int32)], CommandType='"Text"', CommandTimeout='30']
SELECT TOP(1) [a].[ArtistId], [a].[Biography], [a].[FirstName], [a].[Folder], [a].[LastName], [a].[Name], [a].[RecordArtistId]
FROM [Artist] AS [a]
WHERE [a].[ArtistId] = @SelectedArtistId_Value
2026-08-31 17:32:56.384 +10:00 [INF] (Microsoft.EntityFrameworkCore.Database.Command) Executed DbCommand (3ms) [Parameters=[@SelectedArtistId_Value='?' (DbType = Int32)], CommandType='"Text"', CommandTimeout='30']
SELECT COUNT(*)
FROM [Record] AS [r]
WHERE [r].[ArtistId] = @SelectedArtistId_Value
2026-08-31 17:32:56.397 +10:00 [INF] (Microsoft.EntityFrameworkCore.Database.Command) Executed DbCommand (4ms) [Parameters=[@SelectedArtistId_Value='?' (DbType = Int32), @p='?' (DbType = Int32), @p2='?' (DbType = Int32)], CommandType='"Text"', CommandTimeout='30']
SELECT [r].[RecordId], [r].[ArtistId], [r].[CoverName], [r].[Discs], [r].[Field], [r].[Folder], [r].[Length], [r].[Name], [r].[Recorded], [r].[Review], [r].[SubTitle]
FROM [Record] AS [r]
WHERE [r].[ArtistId] = @SelectedArtistId_Value
ORDER BY [r].[Recorded]
OFFSET @p ROWS FETCH NEXT @p2 ROWS ONLY
2026-08-31 17:32:56.410 +10:00 [INF] (Serilog.AspNetCore.RequestLoggingMiddleware) HTTP GET /Artists/ArtistSearch responded 200 in 69.9580 ms
2026-08-31 17:32:56.454 +10:00 [INF] (Serilog.AspNetCore.RequestLoggingMiddleware) HTTP GET /lib/bootstrap/dist/css/bootstrap.min.46ein0sx1k.css responded 200 in 3.3687 ms
2026-08-31 17:32:56.457 +10:00 [INF] (Serilog.AspNetCore.RequestLoggingMiddleware) HTTP GET /css/records.66o01xzqq9.css responded 200 in 1.2189 ms
2026-08-31 17:32:56.457 +10:00 [INF] (Serilog.AspNetCore.RequestLoggingMiddleware) HTTP GET /MusicDB.80nk120vwj.styles.css responded 200 in 0.6269 ms
2026-08-31 17:32:56.457 +10:00 [INF] (Serilog.AspNetCore.RequestLoggingMiddleware) HTTP GET /css/discs.xt99n891vr.css responded 200 in 0.9194 ms
2026-08-31 17:32:56.457 +10:00 [INF] (Serilog.AspNetCore.RequestLoggingMiddleware) HTTP GET /css/tracks.60p4zvwlxu.css responded 200 in 0.6990 ms
2026-08-31 17:32:56.458 +10:00 [INF] (Serilog.AspNetCore.RequestLoggingMiddleware) HTTP GET /css/artists.syxk3zi6bf.css responded 200 in 1.3970 ms
2026-08-31 17:32:56.458 +10:00 [INF] (Serilog.AspNetCore.RequestLoggingMiddleware) HTTP GET /css/site.0rta2o1vyv.css responded 200 in 1.4828 ms
2026-08-31 17:32:56.493 +10:00 [INF] (Serilog.AspNetCore.RequestLoggingMiddleware) HTTP GET /js/site.xtxxf3hu2r.js responded 200 in 35.3286 ms
2026-08-31 17:32:56.493 +10:00 [INF] (Serilog.AspNetCore.RequestLoggingMiddleware) HTTP GET /lib/bootstrap/dist/js/bootstrap.bundle.min.493y06b0oq.js responded 200 in 36.0262 ms
2026-08-31 17:32:56.493 +10:00 [INF] (Serilog.AspNetCore.RequestLoggingMiddleware) HTTP GET /lib/jquery/dist/jquery.min.o1o13a6vjx.js responded 200 in 36.2803 ms
2026-08-31 17:32:58.318 +10:00 [INF] (Microsoft.EntityFrameworkCore.Database.Command) Executed DbCommand (2ms) [Parameters=[@id='?' (DbType = Int32)], CommandType='"Text"', CommandTimeout='30']
SELECT TOP(1) [r].[RecordId], [r].[ArtistId], [r].[CoverName], [r].[Discs], [r].[Field], [r].[Folder], [r].[Length], [r].[Name], [r].[Recorded], [r].[Review], [r].[SubTitle], [a].[ArtistId], [a].[Biography], [a].[FirstName], [a].[Folder], [a].[LastName], [a].[Name], [a].[RecordArtistId]
FROM [Record] AS [r]
INNER JOIN [Artist] AS [a] ON [r].[ArtistId] = [a].[ArtistId]
WHERE [r].[RecordId] = @id
2026-08-31 17:32:58.338 +10:00 [INF] (Microsoft.EntityFrameworkCore.Database.Command) Executed DbCommand (16ms) [Parameters=[@id='?' (DbType = Int32)], CommandType='"Text"', CommandTimeout='30']
SELECT [d].[DiscId], [d].[DiscNumber], [d].[Duration], [d].[Folder], [d].[Length], [d].[Name], [d].[RecordId], [d].[SubTitle], [t].[TrackId], [t].[Album], [t].[Artist], [t].[AudioChannels], [t].[AudioSampleRate], [t].[BitRate], [t].[Bits], [t].[DiscId], [t].[DiscNumber], [t].[Duration], [t].[Field], [t].[Folder], [t].[Length], [t].[Media], [t].[Name], [t].[Number], [t].[Recorded], [t].[Title]
FROM [Disc] AS [d]
LEFT JOIN [Track] AS [t] ON [d].[DiscId] = [t].[DiscId]
WHERE [d].[RecordId] = @id
ORDER BY [d].[DiscNumber], [d].[DiscId]
2026-08-31 17:32:58.342 +10:00 [INF] (Serilog.AspNetCore.RequestLoggingMiddleware) HTTP GET /Records/RecordView/80 responded 200 in 27.2707 ms
2026-08-31 17:32:58.388 +10:00 [INF] (Serilog.AspNetCore.RequestLoggingMiddleware) HTTP GET /lib/bootstrap/dist/css/bootstrap.min.46ein0sx1k.css responded 200 in 3.1582 ms
2026-08-31 17:32:58.392 +10:00 [INF] (Serilog.AspNetCore.RequestLoggingMiddleware) HTTP GET /css/site.0rta2o1vyv.css responded 200 in 0.8167 ms
2026-08-31 17:32:58.392 +10:00 [INF] (Serilog.AspNetCore.RequestLoggingMiddleware) HTTP GET /css/artists.syxk3zi6bf.css responded 200 in 0.7668 ms
2026-08-31 17:32:58.392 +10:00 [INF] (Serilog.AspNetCore.RequestLoggingMiddleware) HTTP GET /css/records.66o01xzqq9.css responded 200 in 0.7681 ms
2026-08-31 17:32:58.392 +10:00 [INF] (Serilog.AspNetCore.RequestLoggingMiddleware) HTTP GET /css/discs.xt99n891vr.css responded 200 in 0.7346 ms
2026-08-31 17:32:58.392 +10:00 [INF] (Serilog.AspNetCore.RequestLoggingMiddleware) HTTP GET /css/tracks.60p4zvwlxu.css responded 200 in 0.7385 ms
2026-08-31 17:32:58.393 +10:00 [INF] (Serilog.AspNetCore.RequestLoggingMiddleware) HTTP GET /MusicDB.80nk120vwj.styles.css responded 200 in 0.5503 ms
2026-08-31 17:32:58.393 +10:00 [INF] (Serilog.AspNetCore.RequestLoggingMiddleware) HTTP GET /css/record-view.ucwwr10jqe.css responded 200 in 0.6637 ms
2026-08-31 17:32:58.395 +10:00 [INF] (Serilog.AspNetCore.RequestLoggingMiddleware) HTTP GET /js/site.xtxxf3hu2r.js responded 200 in 0.5782 ms
2026-08-31 17:32:58.395 +10:00 [INF] (Serilog.AspNetCore.RequestLoggingMiddleware) HTTP GET /lib/bootstrap/dist/js/bootstrap.bundle.min.493y06b0oq.js responded 200 in 1.3116 ms
2026-08-31 17:32:58.396 +10:00 [INF] (Serilog.AspNetCore.RequestLoggingMiddleware) HTTP GET /lib/jquery/dist/jquery.min.o1o13a6vjx.js responded 200 in 1.9303 ms
2026-08-31 17:32:59.932 +10:00 [INF] (Microsoft.EntityFrameworkCore.Database.Command) Executed DbCommand (2ms) [Parameters=[@id='?' (DbType = Int32)], CommandType='"Text"', CommandTimeout='30']
SELECT TOP(1) [r].[RecordId], [r].[ArtistId], [r].[CoverName], [r].[Discs], [r].[Field], [r].[Folder], [r].[Length], [r].[Name], [r].[Recorded], [r].[Review], [r].[SubTitle], [a].[ArtistId], [a].[Biography], [a].[FirstName], [a].[Folder], [a].[LastName], [a].[Name], [a].[RecordArtistId]
FROM [Record] AS [r]
INNER JOIN [Artist] AS [a] ON [r].[ArtistId] = [a].[ArtistId]
WHERE [r].[RecordId] = @id
2026-08-31 17:32:59.938 +10:00 [INF] (Serilog.AspNetCore.RequestLoggingMiddleware) HTTP GET /Records/Details/80 responded 200 in 9.3918 ms
2026-08-31 17:32:59.980 +10:00 [INF] (Serilog.AspNetCore.RequestLoggingMiddleware) HTTP GET /lib/bootstrap/dist/css/bootstrap.min.46ein0sx1k.css responded 200 in 2.7465 ms
2026-08-31 17:32:59.988 +10:00 [INF] (Serilog.AspNetCore.RequestLoggingMiddleware) HTTP GET /css/artists.syxk3zi6bf.css responded 200 in 0.6392 ms
2026-08-31 17:32:59.988 +10:00 [INF] (Serilog.AspNetCore.RequestLoggingMiddleware) HTTP GET /css/site.0rta2o1vyv.css responded 200 in 0.9055 ms
2026-08-31 17:32:59.989 +10:00 [INF] (Serilog.AspNetCore.RequestLoggingMiddleware) HTTP GET /css/records.66o01xzqq9.css responded 200 in 0.8139 ms
2026-08-31 17:32:59.989 +10:00 [INF] (Serilog.AspNetCore.RequestLoggingMiddleware) HTTP GET /css/discs.xt99n891vr.css responded 200 in 0.8431 ms
2026-08-31 17:32:59.989 +10:00 [INF] (Serilog.AspNetCore.RequestLoggingMiddleware) HTTP GET /css/tracks.60p4zvwlxu.css responded 200 in 0.8072 ms
2026-08-31 17:32:59.989 +10:00 [INF] (Serilog.AspNetCore.RequestLoggingMiddleware) HTTP GET /MusicDB.80nk120vwj.styles.css responded 200 in 0.7745 ms
2026-08-31 17:32:59.990 +10:00 [INF] (Serilog.AspNetCore.RequestLoggingMiddleware) HTTP GET /css/record-details.86xie4sfff.css responded 200 in 0.7983 ms
2026-08-31 17:32:59.993 +10:00 [INF] (Serilog.AspNetCore.RequestLoggingMiddleware) HTTP GET /lib/jquery/dist/jquery.min.o1o13a6vjx.js responded 200 in 2.3683 ms
2026-08-31 17:32:59.993 +10:00 [INF] (Serilog.AspNetCore.RequestLoggingMiddleware) HTTP GET /js/site.xtxxf3hu2r.js responded 200 in 0.6677 ms
2026-08-31 17:33:00.014 +10:00 [INF] (Serilog.AspNetCore.RequestLoggingMiddleware) HTTP GET /lib/bootstrap/dist/js/bootstrap.bundle.min.493y06b0oq.js responded 200 in 23.6234 ms
2026-08-31 17:37:01.579 +10:00 [INF] (Microsoft.EntityFrameworkCore.Database.Command) Executed DbCommand (2ms) [Parameters=[@id='?' (DbType = Int32)], CommandType='"Text"', CommandTimeout='30']
SELECT TOP(1) [r].[RecordId], [r].[ArtistId], [r].[CoverName], [r].[Discs], [r].[Field], [r].[Folder], [r].[Length], [r].[Name], [r].[Recorded], [r].[Review], [r].[SubTitle], [a].[ArtistId], [a].[Biography], [a].[FirstName], [a].[Folder], [a].[LastName], [a].[Name], [a].[RecordArtistId]
FROM [Record] AS [r]
INNER JOIN [Artist] AS [a] ON [r].[ArtistId] = [a].[ArtistId]
WHERE [r].[RecordId] = @id
2026-08-31 17:37:01.647 +10:00 [INF] (Microsoft.EntityFrameworkCore.Database.Command) Executed DbCommand (2ms) [Parameters=[], CommandType='"Text"', CommandTimeout='30']
SELECT [a].[ArtistId], [a].[Biography], [a].[FirstName], [a].[Folder], [a].[LastName], [a].[Name], [a].[RecordArtistId]
FROM [Artist] AS [a]
ORDER BY [a].[LastName], [a].[FirstName]
2026-08-31 17:37:01.742 +10:00 [INF] (Serilog.AspNetCore.RequestLoggingMiddleware) HTTP GET /Records/Edit responded 200 in 202.9376 ms
2026-08-31 17:37:01.794 +10:00 [INF] (Serilog.AspNetCore.RequestLoggingMiddleware) HTTP GET /lib/bootstrap/dist/css/bootstrap.min.46ein0sx1k.css responded 200 in 4.2870 ms
2026-08-31 17:37:01.796 +10:00 [INF] (Serilog.AspNetCore.RequestLoggingMiddleware) HTTP GET /css/site.0rta2o1vyv.css responded 200 in 0.7280 ms
2026-08-31 17:37:01.798 +10:00 [INF] (Serilog.AspNetCore.RequestLoggingMiddleware) HTTP GET /css/artists.syxk3zi6bf.css responded 200 in 0.8245 ms
2026-08-31 17:37:01.798 +10:00 [INF] (Serilog.AspNetCore.RequestLoggingMiddleware) HTTP GET /css/discs.xt99n891vr.css responded 200 in 0.6831 ms
2026-08-31 17:37:01.799 +10:00 [INF] (Serilog.AspNetCore.RequestLoggingMiddleware) HTTP GET /css/records.66o01xzqq9.css responded 200 in 0.7603 ms
2026-08-31 17:37:01.800 +10:00 [INF] (Serilog.AspNetCore.RequestLoggingMiddleware) HTTP GET /MusicDB.80nk120vwj.styles.css responded 200 in 0.8649 ms
2026-08-31 17:37:01.804 +10:00 [INF] (Serilog.AspNetCore.RequestLoggingMiddleware) HTTP GET /js/site.xtxxf3hu2r.js responded 200 in 0.6366 ms
2026-08-31 17:37:01.806 +10:00 [INF] (Serilog.AspNetCore.RequestLoggingMiddleware) HTTP GET /lib/jquery/dist/jquery.min.o1o13a6vjx.js responded 200 in 4.0419 ms
2026-08-31 17:37:01.806 +10:00 [INF] (Serilog.AspNetCore.RequestLoggingMiddleware) HTTP GET /css/tracks.60p4zvwlxu.css responded 200 in 3.4569 ms
2026-08-31 17:37:01.806 +10:00 [INF] (Serilog.AspNetCore.RequestLoggingMiddleware) HTTP GET /lib/jquery-validation/dist/jquery.validate.min.ag7o75518u.js responded 200 in 2.8779 ms
2026-08-31 17:37:01.806 +10:00 [INF] (Serilog.AspNetCore.RequestLoggingMiddleware) HTTP GET /lib/bootstrap/dist/js/bootstrap.bundle.min.493y06b0oq.js responded 200 in 2.7916 ms
2026-08-31 17:37:01.807 +10:00 [INF] (Serilog.AspNetCore.RequestLoggingMiddleware) HTTP GET /lib/jquery-validation-unobtrusive/dist/jquery.validate.unobtrusive.min.4v8eqarkd7.js responded 200 in 2.5684 ms
2026-08-31 17:37:13.604 +10:00 [INF] (Microsoft.EntityFrameworkCore.Database.Command) Executed DbCommand (7ms) [Parameters=[@p10='?' (DbType = Int32), @p0='?' (DbType = Int32), @p1='?' (Size = 400), @p2='?' (DbType = Int32), @p3='?' (Size = 50), @p4='?' (Size = 400), @p5='?' (Size = 50), @p6='?' (Size = 150), @p7='?' (DbType = Int32), @p8='?' (Size = -1), @p9='?' (Size = 100)], CommandType='"Text"', CommandTimeout='30']
SET IMPLICIT_TRANSACTIONS OFF;
SET NOCOUNT ON;
UPDATE [Record] SET [ArtistId] = @p0, [CoverName] = @p1, [Discs] = @p2, [Field] = @p3, [Folder] = @p4, [Length] = @p5, [Name] = @p6, [Recorded] = @p7, [Review] = @p8, [SubTitle] = @p9
OUTPUT 1
WHERE [RecordId] = @p10;
2026-08-31 17:37:13.614 +10:00 [INF] (MusicDB.Pages.Records.EditModel) Successfully updated Record with id 80 (Beecher Tape - May 1961)
2026-08-31 17:37:13.615 +10:00 [INF] (Serilog.AspNetCore.RequestLoggingMiddleware) HTTP POST /Records/Edit responded 302 in 109.5846 ms
2026-08-31 17:37:13.634 +10:00 [INF] (Microsoft.EntityFrameworkCore.Database.Command) Executed DbCommand (2ms) [Parameters=[], CommandType='"Text"', CommandTimeout='30']
SELECT COUNT(*)
FROM [Record] AS [r]
2026-08-31 17:37:13.660 +10:00 [INF] (Microsoft.EntityFrameworkCore.Database.Command) Executed DbCommand (16ms) [Parameters=[@p='?' (DbType = Int32), @p1='?' (DbType = Int32)], CommandType='"Text"', CommandTimeout='30']
SELECT [r].[RecordId], [r].[ArtistId], [r].[CoverName], [r].[Discs], [r].[Field], [r].[Folder], [r].[Length], [r].[Name], [r].[Recorded], [r].[Review], [r].[SubTitle], [a].[ArtistId], [a].[Biography], [a].[FirstName], [a].[Folder], [a].[LastName], [a].[Name], [a].[RecordArtistId]
FROM [Record] AS [r]
INNER JOIN [Artist] AS [a] ON [r].[ArtistId] = [a].[ArtistId]
ORDER BY [a].[LastName], [a].[FirstName], [r].[Recorded]
OFFSET @p ROWS FETCH NEXT @p1 ROWS ONLY
2026-08-31 17:37:13.683 +10:00 [INF] (Serilog.AspNetCore.RequestLoggingMiddleware) HTTP GET /Records responded 200 in 60.6971 ms
2026-08-31 17:37:13.732 +10:00 [INF] (Serilog.AspNetCore.RequestLoggingMiddleware) HTTP GET /lib/bootstrap/dist/css/bootstrap.min.46ein0sx1k.css responded 200 in 2.5556 ms
2026-08-31 17:37:13.733 +10:00 [INF] (Serilog.AspNetCore.RequestLoggingMiddleware) HTTP GET /css/site.0rta2o1vyv.css responded 200 in 1.0740 ms
2026-08-31 17:37:13.733 +10:00 [INF] (Serilog.AspNetCore.RequestLoggingMiddleware) HTTP GET /css/artists.syxk3zi6bf.css responded 200 in 0.7858 ms
2026-08-31 17:37:13.734 +10:00 [INF] (Serilog.AspNetCore.RequestLoggingMiddleware) HTTP GET /css/records.66o01xzqq9.css responded 200 in 1.0375 ms
2026-08-31 17:37:13.734 +10:00 [INF] (Serilog.AspNetCore.RequestLoggingMiddleware) HTTP GET /css/tracks.60p4zvwlxu.css responded 200 in 0.8670 ms
2026-08-31 17:37:13.734 +10:00 [INF] (Serilog.AspNetCore.RequestLoggingMiddleware) HTTP GET /css/discs.xt99n891vr.css responded 200 in 1.0393 ms
2026-08-31 17:37:13.734 +10:00 [INF] (Serilog.AspNetCore.RequestLoggingMiddleware) HTTP GET /MusicDB.80nk120vwj.styles.css responded 200 in 0.5254 ms
2026-08-31 17:37:13.736 +10:00 [INF] (Serilog.AspNetCore.RequestLoggingMiddleware) HTTP GET /js/site.xtxxf3hu2r.js responded 200 in 0.5811 ms
2026-08-31 17:37:13.736 +10:00 [INF] (Serilog.AspNetCore.RequestLoggingMiddleware) HTTP GET /lib/bootstrap/dist/js/bootstrap.bundle.min.493y06b0oq.js responded 200 in 1.3375 ms
2026-08-31 17:37:13.737 +10:00 [INF] (Serilog.AspNetCore.RequestLoggingMiddleware) HTTP GET /lib/jquery/dist/jquery.min.o1o13a6vjx.js responded 200 in 1.6170 ms
2026-08-31 17:37:20.839 +10:00 [INF] (Microsoft.EntityFrameworkCore.Database.Command) Executed DbCommand (2ms) [Parameters=[@SearchString_contains='?' (Size = 100), @SearchString_contains0='?' (Size = 50), @SearchString_contains1='?' (Size = 100)], CommandType='"Text"', CommandTimeout='30']
SELECT TOP(1) [a].[Name]
FROM [Record] AS [r]
INNER JOIN [Artist] AS [a] ON [r].[ArtistId] = [a].[ArtistId]
WHERE ([a].[Name] IS NOT NULL AND [a].[Name] LIKE @SearchString_contains ESCAPE N'\') OR ([a].[FirstName] IS NOT NULL AND [a].[FirstName] LIKE @SearchString_contains0 ESCAPE N'\') OR ([a].[LastName] IS NOT NULL AND [a].[LastName] LIKE @SearchString_contains1 ESCAPE N'\')
2026-08-31 17:37:20.849 +10:00 [INF] (Microsoft.EntityFrameworkCore.Database.Command) Executed DbCommand (3ms) [Parameters=[@SearchString_contains='?' (Size = 100), @SearchString_contains0='?' (Size = 50), @SearchString_contains1='?' (Size = 100)], CommandType='"Text"', CommandTimeout='30']
SELECT COUNT(*)
FROM [Record] AS [r]
INNER JOIN [Artist] AS [a] ON [r].[ArtistId] = [a].[ArtistId]
WHERE ([a].[Name] IS NOT NULL AND [a].[Name] LIKE @SearchString_contains ESCAPE N'\') OR ([a].[FirstName] IS NOT NULL AND [a].[FirstName] LIKE @SearchString_contains0 ESCAPE N'\') OR ([a].[LastName] IS NOT NULL AND [a].[LastName] LIKE @SearchString_contains1 ESCAPE N'\')
2026-08-31 17:37:20.866 +10:00 [INF] (Microsoft.EntityFrameworkCore.Database.Command) Executed DbCommand (8ms) [Parameters=[@SearchString_contains='?' (Size = 100), @SearchString_contains0='?' (Size = 50), @SearchString_contains1='?' (Size = 100), @p='?' (DbType = Int32), @p4='?' (DbType = Int32)], CommandType='"Text"', CommandTimeout='30']
SELECT [r].[RecordId], [r].[ArtistId], [r].[CoverName], [r].[Discs], [r].[Field], [r].[Folder], [r].[Length], [r].[Name], [r].[Recorded], [r].[Review], [r].[SubTitle], [a].[ArtistId], [a].[Biography], [a].[FirstName], [a].[Folder], [a].[LastName], [a].[Name], [a].[RecordArtistId]
FROM [Record] AS [r]
INNER JOIN [Artist] AS [a] ON [r].[ArtistId] = [a].[ArtistId]
WHERE ([a].[Name] IS NOT NULL AND [a].[Name] LIKE @SearchString_contains ESCAPE N'\') OR ([a].[FirstName] IS NOT NULL AND [a].[FirstName] LIKE @SearchString_contains0 ESCAPE N'\') OR ([a].[LastName] IS NOT NULL AND [a].[LastName] LIKE @SearchString_contains1 ESCAPE N'\')
ORDER BY [a].[LastName], [a].[FirstName], [r].[Recorded]
OFFSET @p ROWS FETCH NEXT @p4 ROWS ONLY
2026-08-31 17:37:20.876 +10:00 [INF] (Serilog.AspNetCore.RequestLoggingMiddleware) HTTP GET /Records responded 200 in 56.1602 ms
2026-08-31 17:37:20.925 +10:00 [INF] (Serilog.AspNetCore.RequestLoggingMiddleware) HTTP GET /lib/bootstrap/dist/css/bootstrap.min.46ein0sx1k.css responded 200 in 2.5117 ms
2026-08-31 17:37:20.925 +10:00 [INF] (Serilog.AspNetCore.RequestLoggingMiddleware) HTTP GET /css/site.0rta2o1vyv.css responded 200 in 1.3388 ms
2026-08-31 17:37:20.925 +10:00 [INF] (Serilog.AspNetCore.RequestLoggingMiddleware) HTTP GET /css/artists.syxk3zi6bf.css responded 200 in 1.0510 ms
2026-08-31 17:37:20.925 +10:00 [INF] (Serilog.AspNetCore.RequestLoggingMiddleware) HTTP GET /css/records.66o01xzqq9.css responded 200 in 0.6554 ms
2026-08-31 17:37:20.925 +10:00 [INF] (Serilog.AspNetCore.RequestLoggingMiddleware) HTTP GET /css/discs.xt99n891vr.css responded 200 in 0.6303 ms
2026-08-31 17:37:20.926 +10:00 [INF] (Serilog.AspNetCore.RequestLoggingMiddleware) HTTP GET /MusicDB.80nk120vwj.styles.css responded 200 in 0.5274 ms
2026-08-31 17:37:20.926 +10:00 [INF] (Serilog.AspNetCore.RequestLoggingMiddleware) HTTP GET /css/tracks.60p4zvwlxu.css responded 200 in 0.7571 ms
2026-08-31 17:37:20.928 +10:00 [INF] (Serilog.AspNetCore.RequestLoggingMiddleware) HTTP GET /js/site.xtxxf3hu2r.js responded 200 in 0.6950 ms
2026-08-31 17:37:20.929 +10:00 [INF] (Serilog.AspNetCore.RequestLoggingMiddleware) HTTP GET /lib/jquery/dist/jquery.min.o1o13a6vjx.js responded 200 in 1.5221 ms
2026-08-31 17:37:20.929 +10:00 [INF] (Serilog.AspNetCore.RequestLoggingMiddleware) HTTP GET /lib/bootstrap/dist/js/bootstrap.bundle.min.493y06b0oq.js responded 200 in 1.4067 ms
2026-08-31 17:37:23.228 +10:00 [INF] (Microsoft.EntityFrameworkCore.Database.Command) Executed DbCommand (2ms) [Parameters=[@recordId='?' (DbType = Int32)], CommandType='"Text"', CommandTimeout='30']
SELECT TOP(1) [r].[RecordId], [r].[ArtistId], [r].[CoverName], [r].[Discs], [r].[Field], [r].[Folder], [r].[Length], [r].[Name], [r].[Recorded], [r].[Review], [r].[SubTitle], [a].[ArtistId], [a].[Biography], [a].[FirstName], [a].[Folder], [a].[LastName], [a].[Name], [a].[RecordArtistId]
FROM [Record] AS [r]
INNER JOIN [Artist] AS [a] ON [r].[ArtistId] = [a].[ArtistId]
WHERE [r].[RecordId] = @recordId
2026-08-31 17:37:23.257 +10:00 [INF] (Microsoft.EntityFrameworkCore.Database.Command) Executed DbCommand (17ms) [Parameters=[@recordId='?' (DbType = Int32)], CommandType='"Text"', CommandTimeout='30']
SELECT [d].[DiscId], [d].[DiscNumber], [d].[Duration], [d].[Folder], [d].[Length], [d].[Name], [d].[RecordId], [d].[SubTitle], [t].[TrackId], [t].[Album], [t].[Artist], [t].[AudioChannels], [t].[AudioSampleRate], [t].[BitRate], [t].[Bits], [t].[DiscId], [t].[DiscNumber], [t].[Duration], [t].[Field], [t].[Folder], [t].[Length], [t].[Media], [t].[Name], [t].[Number], [t].[Recorded], [t].[Title]
FROM [Disc] AS [d]
LEFT JOIN [Track] AS [t] ON [d].[DiscId] = [t].[DiscId]
WHERE [d].[RecordId] = @recordId
ORDER BY [d].[DiscNumber], [d].[DiscId]
2026-08-31 17:37:23.283 +10:00 [INF] (Serilog.AspNetCore.RequestLoggingMiddleware) HTTP GET /Records/GetRecord responded 200 in 69.9086 ms
2026-08-31 17:37:23.320 +10:00 [INF] (Serilog.AspNetCore.RequestLoggingMiddleware) HTTP GET /lib/bootstrap/dist/css/bootstrap.min.46ein0sx1k.css responded 200 in 2.4915 ms
2026-08-31 17:37:23.321 +10:00 [INF] (Serilog.AspNetCore.RequestLoggingMiddleware) HTTP GET /css/site.0rta2o1vyv.css responded 200 in 0.7623 ms
2026-08-31 17:37:23.321 +10:00 [INF] (Serilog.AspNetCore.RequestLoggingMiddleware) HTTP GET /css/artists.syxk3zi6bf.css responded 200 in 0.6436 ms
2026-08-31 17:37:23.323 +10:00 [INF] (Serilog.AspNetCore.RequestLoggingMiddleware) HTTP GET /MusicDB.80nk120vwj.styles.css responded 200 in 0.8158 ms
2026-08-31 17:37:23.324 +10:00 [INF] (Serilog.AspNetCore.RequestLoggingMiddleware) HTTP GET /js/site.xtxxf3hu2r.js responded 200 in 0.7307 ms
2026-08-31 17:37:23.324 +10:00 [INF] (Serilog.AspNetCore.RequestLoggingMiddleware) HTTP GET /css/records.66o01xzqq9.css responded 200 in 1.2192 ms
2026-08-31 17:37:23.324 +10:00 [INF] (Serilog.AspNetCore.RequestLoggingMiddleware) HTTP GET /css/tracks.60p4zvwlxu.css responded 200 in 1.2408 ms
2026-08-31 17:37:23.324 +10:00 [INF] (Serilog.AspNetCore.RequestLoggingMiddleware) HTTP GET /css/discs.xt99n891vr.css responded 200 in 1.3130 ms
2026-08-31 17:37:23.324 +10:00 [INF] (Serilog.AspNetCore.RequestLoggingMiddleware) HTTP GET /lib/jquery/dist/jquery.min.o1o13a6vjx.js responded 200 in 1.4344 ms
2026-08-31 17:37:23.325 +10:00 [INF] (Serilog.AspNetCore.RequestLoggingMiddleware) HTTP GET /lib/bootstrap/dist/js/bootstrap.bundle.min.493y06b0oq.js responded 200 in 1.7005 ms
2026-08-31 17:37:27.713 +10:00 [INF] (Microsoft.EntityFrameworkCore.Database.Command) Executed DbCommand (2ms) [Parameters=[@id='?' (DbType = Int32)], CommandType='"Text"', CommandTimeout='30']
SELECT TOP(1) [t].[TrackId], [t].[Album], [t].[Artist], [t].[AudioChannels], [t].[AudioSampleRate], [t].[BitRate], [t].[Bits], [t].[DiscId], [t].[DiscNumber], [t].[Duration], [t].[Field], [t].[Folder], [t].[Length], [t].[Media], [t].[Name], [t].[Number], [t].[Recorded], [t].[Title], [d].[DiscId], [d].[DiscNumber], [d].[Duration], [d].[Folder], [d].[Length], [d].[Name], [d].[RecordId], [d].[SubTitle], [r].[RecordId], [r].[ArtistId], [r].[CoverName], [r].[Discs], [r].[Field], [r].[Folder], [r].[Length], [r].[Name], [r].[Recorded], [r].[Review], [r].[SubTitle], [a].[ArtistId], [a].[Biography], [a].[FirstName], [a].[Folder], [a].[LastName], [a].[Name], [a].[RecordArtistId]
FROM [Track] AS [t]
INNER JOIN [Disc] AS [d] ON [t].[DiscId] = [d].[DiscId]
INNER JOIN [Record] AS [r] ON [d].[RecordId] = [r].[RecordId]
INNER JOIN [Artist] AS [a] ON [r].[ArtistId] = [a].[ArtistId]
WHERE [t].[TrackId] = @id
2026-08-31 17:37:27.739 +10:00 [INF] (Serilog.AspNetCore.RequestLoggingMiddleware) HTTP GET /Tracks/Details/1371 responded 200 in 57.5158 ms
2026-08-31 17:37:27.782 +10:00 [INF] (Serilog.AspNetCore.RequestLoggingMiddleware) HTTP GET /lib/bootstrap/dist/css/bootstrap.min.46ein0sx1k.css responded 200 in 2.2838 ms
2026-08-31 17:37:27.785 +10:00 [INF] (Serilog.AspNetCore.RequestLoggingMiddleware) HTTP GET /css/site.0rta2o1vyv.css responded 200 in 0.8615 ms
2026-08-31 17:37:27.785 +10:00 [INF] (Serilog.AspNetCore.RequestLoggingMiddleware) HTTP GET /css/artists.syxk3zi6bf.css responded 200 in 0.8499 ms
2026-08-31 17:37:27.786 +10:00 [INF] (Serilog.AspNetCore.RequestLoggingMiddleware) HTTP GET /MusicDB.80nk120vwj.styles.css responded 200 in 0.4409 ms
2026-08-31 17:37:27.786 +10:00 [INF] (Serilog.AspNetCore.RequestLoggingMiddleware) HTTP GET /css/records.66o01xzqq9.css responded 200 in 0.8998 ms
2026-08-31 17:37:27.786 +10:00 [INF] (Serilog.AspNetCore.RequestLoggingMiddleware) HTTP GET /css/discs.xt99n891vr.css responded 200 in 0.9601 ms
2026-08-31 17:37:27.786 +10:00 [INF] (Serilog.AspNetCore.RequestLoggingMiddleware) HTTP GET /css/track-details.p0e1581137.css responded 200 in 0.5335 ms
2026-08-31 17:37:27.786 +10:00 [INF] (Serilog.AspNetCore.RequestLoggingMiddleware) HTTP GET /css/tracks.60p4zvwlxu.css responded 200 in 1.2160 ms
2026-08-31 17:37:27.788 +10:00 [INF] (Serilog.AspNetCore.RequestLoggingMiddleware) HTTP GET /lib/jquery/dist/jquery.min.o1o13a6vjx.js responded 200 in 1.2220 ms
2026-08-31 17:37:27.788 +10:00 [INF] (Serilog.AspNetCore.RequestLoggingMiddleware) HTTP GET /js/site.xtxxf3hu2r.js responded 200 in 1.4473 ms
2026-08-31 17:37:27.789 +10:00 [INF] (Serilog.AspNetCore.RequestLoggingMiddleware) HTTP GET /lib/bootstrap/dist/js/bootstrap.bundle.min.493y06b0oq.js responded 200 in 2.2708 ms
2026-08-31 17:37:33.516 +10:00 [INF] (Microsoft.EntityFrameworkCore.Database.Command) Executed DbCommand (2ms) [Parameters=[@id='?' (DbType = Int32)], CommandType='"Text"', CommandTimeout='30']
SELECT TOP(1) [r].[RecordId], [r].[ArtistId], [r].[CoverName], [r].[Discs], [r].[Field], [r].[Folder], [r].[Length], [r].[Name], [r].[Recorded], [r].[Review], [r].[SubTitle], [a].[ArtistId], [a].[Biography], [a].[FirstName], [a].[Folder], [a].[LastName], [a].[Name], [a].[RecordArtistId]
FROM [Record] AS [r]
INNER JOIN [Artist] AS [a] ON [r].[ArtistId] = [a].[ArtistId]
WHERE [r].[RecordId] = @id
2026-08-31 17:37:33.534 +10:00 [INF] (Microsoft.EntityFrameworkCore.Database.Command) Executed DbCommand (15ms) [Parameters=[@id='?' (DbType = Int32)], CommandType='"Text"', CommandTimeout='30']
SELECT [d].[DiscId], [d].[DiscNumber], [d].[Duration], [d].[Folder], [d].[Length], [d].[Name], [d].[RecordId], [d].[SubTitle], [t].[TrackId], [t].[Album], [t].[Artist], [t].[AudioChannels], [t].[AudioSampleRate], [t].[BitRate], [t].[Bits], [t].[DiscId], [t].[DiscNumber], [t].[Duration], [t].[Field], [t].[Folder], [t].[Length], [t].[Media], [t].[Name], [t].[Number], [t].[Recorded], [t].[Title]
FROM [Disc] AS [d]
LEFT JOIN [Track] AS [t] ON [d].[DiscId] = [t].[DiscId]
WHERE [d].[RecordId] = @id
ORDER BY [d].[DiscNumber], [d].[DiscId]
2026-08-31 17:37:33.539 +10:00 [INF] (Serilog.AspNetCore.RequestLoggingMiddleware) HTTP GET /Records/RecordView/80 responded 200 in 26.7561 ms
2026-08-31 17:37:33.592 +10:00 [INF] (Serilog.AspNetCore.RequestLoggingMiddleware) HTTP GET /lib/bootstrap/dist/css/bootstrap.min.46ein0sx1k.css responded 200 in 3.6393 ms
2026-08-31 17:37:33.598 +10:00 [INF] (Serilog.AspNetCore.RequestLoggingMiddleware) HTTP GET /css/site.0rta2o1vyv.css responded 200 in 1.1418 ms
2026-08-31 17:37:33.598 +10:00 [INF] (Serilog.AspNetCore.RequestLoggingMiddleware) HTTP GET /css/artists.syxk3zi6bf.css responded 200 in 2.1083 ms
2026-08-31 17:37:33.599 +10:00 [INF] (Serilog.AspNetCore.RequestLoggingMiddleware) HTTP GET /css/records.66o01xzqq9.css responded 200 in 0.8883 ms
2026-08-31 17:37:33.600 +10:00 [INF] (Serilog.AspNetCore.RequestLoggingMiddleware) HTTP GET /css/tracks.60p4zvwlxu.css responded 200 in 0.8022 ms
2026-08-31 17:37:33.600 +10:00 [INF] (Serilog.AspNetCore.RequestLoggingMiddleware) HTTP GET /css/discs.xt99n891vr.css responded 200 in 0.8271 ms
2026-08-31 17:37:33.601 +10:00 [INF] (Serilog.AspNetCore.RequestLoggingMiddleware) HTTP GET /MusicDB.80nk120vwj.styles.css responded 200 in 0.5219 ms
2026-08-31 17:37:33.601 +10:00 [INF] (Serilog.AspNetCore.RequestLoggingMiddleware) HTTP GET /css/record-view.ucwwr10jqe.css responded 200 in 0.5138 ms
2026-08-31 17:37:33.602 +10:00 [INF] (Serilog.AspNetCore.RequestLoggingMiddleware) HTTP GET /js/site.xtxxf3hu2r.js responded 200 in 0.6321 ms
2026-08-31 17:37:33.603 +10:00 [INF] (Serilog.AspNetCore.RequestLoggingMiddleware) HTTP GET /lib/jquery/dist/jquery.min.o1o13a6vjx.js responded 200 in 2.0193 ms
2026-08-31 17:37:33.603 +10:00 [INF] (Serilog.AspNetCore.RequestLoggingMiddleware) HTTP GET /lib/bootstrap/dist/js/bootstrap.bundle.min.493y06b0oq.js responded 200 in 2.2752 ms
2026-08-31 17:37:35.660 +10:00 [INF] (Microsoft.EntityFrameworkCore.Database.Command) Executed DbCommand (2ms) [Parameters=[@id='?' (DbType = Int32)], CommandType='"Text"', CommandTimeout='30']
SELECT TOP(1) [r].[RecordId], [r].[ArtistId], [r].[CoverName], [r].[Discs], [r].[Field], [r].[Folder], [r].[Length], [r].[Name], [r].[Recorded], [r].[Review], [r].[SubTitle], [a].[ArtistId], [a].[Biography], [a].[FirstName], [a].[Folder], [a].[LastName], [a].[Name], [a].[RecordArtistId]
FROM [Record] AS [r]
INNER JOIN [Artist] AS [a] ON [r].[ArtistId] = [a].[ArtistId]
WHERE [r].[RecordId] = @id
2026-08-31 17:37:35.664 +10:00 [INF] (Serilog.AspNetCore.RequestLoggingMiddleware) HTTP GET /Records/Details/80 responded 200 in 7.4816 ms
2026-08-31 17:37:35.712 +10:00 [INF] (Serilog.AspNetCore.RequestLoggingMiddleware) HTTP GET /css/site.0rta2o1vyv.css responded 200 in 0.6499 ms
2026-08-31 17:37:35.713 +10:00 [INF] (Serilog.AspNetCore.RequestLoggingMiddleware) HTTP GET /lib/bootstrap/dist/css/bootstrap.min.46ein0sx1k.css responded 200 in 2.3967 ms
2026-08-31 17:37:35.713 +10:00 [INF] (Serilog.AspNetCore.RequestLoggingMiddleware) HTTP GET /css/artists.syxk3zi6bf.css responded 200 in 1.3991 ms
2026-08-31 17:37:35.713 +10:00 [INF] (Serilog.AspNetCore.RequestLoggingMiddleware) HTTP GET /css/records.66o01xzqq9.css responded 200 in 1.0474 ms
2026-08-31 17:37:35.713 +10:00 [INF] (Serilog.AspNetCore.RequestLoggingMiddleware) HTTP GET /css/tracks.60p4zvwlxu.css responded 200 in 1.0392 ms
2026-08-31 17:37:35.713 +10:00 [INF] (Serilog.AspNetCore.RequestLoggingMiddleware) HTTP GET /css/discs.xt99n891vr.css responded 200 in 1.0925 ms
2026-08-31 17:37:35.713 +10:00 [INF] (Serilog.AspNetCore.RequestLoggingMiddleware) HTTP GET /MusicDB.80nk120vwj.styles.css responded 200 in 0.6415 ms
2026-08-31 17:37:35.714 +10:00 [INF] (Serilog.AspNetCore.RequestLoggingMiddleware) HTTP GET /css/record-details.86xie4sfff.css responded 200 in 0.8357 ms
2026-08-31 17:37:35.716 +10:00 [INF] (Serilog.AspNetCore.RequestLoggingMiddleware) HTTP GET /lib/jquery/dist/jquery.min.o1o13a6vjx.js responded 200 in 1.2736 ms
2026-08-31 17:37:35.716 +10:00 [INF] (Serilog.AspNetCore.RequestLoggingMiddleware) HTTP GET /js/site.xtxxf3hu2r.js responded 200 in 0.5482 ms
2026-08-31 17:37:35.717 +10:00 [INF] (Serilog.AspNetCore.RequestLoggingMiddleware) HTTP GET /lib/bootstrap/dist/js/bootstrap.bundle.min.493y06b0oq.js responded 200 in 1.3285 ms
2026-08-31 17:42:53.161 +10:00 [INF] (Microsoft.EntityFrameworkCore.Database.Command) Executed DbCommand (29ms) [Parameters=[], CommandType='"Text"', CommandTimeout='30']
SELECT CONVERT(varchar(11), [r].[RecordId]) AS [Value], COALESCE([r].[Name], N'Unknown Record') AS [Text]
FROM [Record] AS [r]
ORDER BY [r].[Name]
2026-08-31 17:43:00.240 +10:00 [INF] (Microsoft.EntityFrameworkCore.Database.Command) Executed DbCommand (17ms) [Parameters=[@id='?' (DbType = Int32)], CommandType='"Text"', CommandTimeout='30']
SELECT TOP(1) [r].[RecordId], [r].[ArtistId], [r].[CoverName], [r].[Discs], [r].[Field], [r].[Folder], [r].[Length], [r].[Name], [r].[Recorded], [r].[Review], [r].[SubTitle], [a].[ArtistId], [a].[Biography], [a].[FirstName], [a].[Folder], [a].[LastName], [a].[Name], [a].[RecordArtistId]
FROM [Record] AS [r]
INNER JOIN [Artist] AS [a] ON [r].[ArtistId] = [a].[ArtistId]
WHERE [r].[RecordId] = @id
2026-08-31 17:43:00.289 +10:00 [INF] (Microsoft.EntityFrameworkCore.Database.Command) Executed DbCommand (13ms) [Parameters=[@id='?' (DbType = Int32)], CommandType='"Text"', CommandTimeout='30']
SELECT [d].[DiscId], [d].[DiscNumber], [d].[Duration], [d].[Folder], [d].[Length], [d].[Name], [d].[RecordId], [d].[SubTitle], [t].[TrackId], [t].[Album], [t].[Artist], [t].[AudioChannels], [t].[AudioSampleRate], [t].[BitRate], [t].[Bits], [t].[DiscId], [t].[DiscNumber], [t].[Duration], [t].[Field], [t].[Folder], [t].[Length], [t].[Media], [t].[Name], [t].[Number], [t].[Recorded], [t].[Title]
FROM [Disc] AS [d]
LEFT JOIN [Track] AS [t] ON [d].[DiscId] = [t].[DiscId]
WHERE [d].[RecordId] = @id
ORDER BY [d].[DiscNumber], [d].[DiscId]
2026-08-31 17:43:01.914 +10:00 [INF] (Microsoft.EntityFrameworkCore.Database.Command) Executed DbCommand (2ms) [Parameters=[@id='?' (DbType = Int32)], CommandType='"Text"', CommandTimeout='30']
SELECT TOP(1) [r].[RecordId], [r].[ArtistId], [r].[CoverName], [r].[Discs], [r].[Field], [r].[Folder], [r].[Length], [r].[Name], [r].[Recorded], [r].[Review], [r].[SubTitle], [a].[ArtistId], [a].[Biography], [a].[FirstName], [a].[Folder], [a].[LastName], [a].[Name], [a].[RecordArtistId]
FROM [Record] AS [r]
INNER JOIN [Artist] AS [a] ON [r].[ArtistId] = [a].[ArtistId]
WHERE [r].[RecordId] = @id
2026-08-31 17:43:11.277 +10:00 [INF] (Microsoft.EntityFrameworkCore.Database.Command) Executed DbCommand (2ms) [Parameters=[@id='?' (DbType = Int32)], CommandType='"Text"', CommandTimeout='30']
SELECT TOP(1) [r].[RecordId], [r].[ArtistId], [r].[CoverName], [r].[Discs], [r].[Field], [r].[Folder], [r].[Length], [r].[Name], [r].[Recorded], [r].[Review], [r].[SubTitle], [a].[ArtistId], [a].[Biography], [a].[FirstName], [a].[Folder], [a].[LastName], [a].[Name], [a].[RecordArtistId]
FROM [Record] AS [r]
INNER JOIN [Artist] AS [a] ON [r].[ArtistId] = [a].[ArtistId]
WHERE [r].[RecordId] = @id
2026-08-31 17:43:11.294 +10:00 [INF] (Microsoft.EntityFrameworkCore.Database.Command) Executed DbCommand (13ms) [Parameters=[@id='?' (DbType = Int32)], CommandType='"Text"', CommandTimeout='30']
SELECT [d].[DiscId], [d].[DiscNumber], [d].[Duration], [d].[Folder], [d].[Length], [d].[Name], [d].[RecordId], [d].[SubTitle], [t].[TrackId], [t].[Album], [t].[Artist], [t].[AudioChannels], [t].[AudioSampleRate], [t].[BitRate], [t].[Bits], [t].[DiscId], [t].[DiscNumber], [t].[Duration], [t].[Field], [t].[Folder], [t].[Length], [t].[Media], [t].[Name], [t].[Number], [t].[Recorded], [t].[Title]
FROM [Disc] AS [d]
LEFT JOIN [Track] AS [t] ON [d].[DiscId] = [t].[DiscId]
WHERE [d].[RecordId] = @id
ORDER BY [d].[DiscNumber], [d].[DiscId]
2026-08-31 17:49:34.076 +10:00 [INF] (Microsoft.EntityFrameworkCore.Database.Command) Executed DbCommand (1ms) [Parameters=[@id='?' (DbType = Int32)], CommandType='"Text"', CommandTimeout='30']
SELECT TOP(1) [r].[RecordId], [r].[ArtistId], [r].[CoverName], [r].[Discs], [r].[Field], [r].[Folder], [r].[Length], [r].[Name], [r].[Recorded], [r].[Review], [r].[SubTitle], [a].[ArtistId], [a].[Biography], [a].[FirstName], [a].[Folder], [a].[LastName], [a].[Name], [a].[RecordArtistId]
FROM [Record] AS [r]
INNER JOIN [Artist] AS [a] ON [r].[ArtistId] = [a].[ArtistId]
WHERE [r].[RecordId] = @id
2026-08-31 17:49:34.147 +10:00 [INF] (Microsoft.EntityFrameworkCore.Database.Command) Executed DbCommand (3ms) [Parameters=[], CommandType='"Text"', CommandTimeout='30']
SELECT [a].[ArtistId], [a].[Biography], [a].[FirstName], [a].[Folder], [a].[LastName], [a].[Name], [a].[RecordArtistId]
FROM [Artist] AS [a]
ORDER BY [a].[LastName], [a].[FirstName]
2026-08-31 17:50:46.598 +10:00 [INF] (Microsoft.EntityFrameworkCore.Database.Command) Executed DbCommand (5ms) [Parameters=[], CommandType='"Text"', CommandTimeout='30']
SELECT CONVERT(varchar(11), [r].[RecordId]) AS [Value], COALESCE([r].[Name], N'Unknown Record') AS [Text]
FROM [Record] AS [r]
ORDER BY [r].[Name]
2026-08-31 17:50:53.841 +10:00 [INF] (Microsoft.EntityFrameworkCore.Database.Command) Executed DbCommand (2ms) [Parameters=[@id='?' (DbType = Int32)], CommandType='"Text"', CommandTimeout='30']
SELECT TOP(1) [r].[RecordId], [r].[ArtistId], [r].[CoverName], [r].[Discs], [r].[Field], [r].[Folder], [r].[Length], [r].[Name], [r].[Recorded], [r].[Review], [r].[SubTitle], [a].[ArtistId], [a].[Biography], [a].[FirstName], [a].[Folder], [a].[LastName], [a].[Name], [a].[RecordArtistId]
FROM [Record] AS [r]
INNER JOIN [Artist] AS [a] ON [r].[ArtistId] = [a].[ArtistId]
WHERE [r].[RecordId] = @id
2026-08-31 17:50:53.858 +10:00 [INF] (Microsoft.EntityFrameworkCore.Database.Command) Executed DbCommand (13ms) [Parameters=[@id='?' (DbType = Int32)], CommandType='"Text"', CommandTimeout='30']
SELECT [d].[DiscId], [d].[DiscNumber], [d].[Duration], [d].[Folder], [d].[Length], [d].[Name], [d].[RecordId], [d].[SubTitle], [t].[TrackId], [t].[Album], [t].[Artist], [t].[AudioChannels], [t].[AudioSampleRate], [t].[BitRate], [t].[Bits], [t].[DiscId], [t].[DiscNumber], [t].[Duration], [t].[Field], [t].[Folder], [t].[Length], [t].[Media], [t].[Name], [t].[Number], [t].[Recorded], [t].[Title]
FROM [Disc] AS [d]
LEFT JOIN [Track] AS [t] ON [d].[DiscId] = [t].[DiscId]
WHERE [d].[RecordId] = @id
ORDER BY [d].[DiscNumber], [d].[DiscId]
2026-08-31 17:50:55.045 +10:00 [INF] (Microsoft.EntityFrameworkCore.Database.Command) Executed DbCommand (2ms) [Parameters=[@id='?' (DbType = Int32)], CommandType='"Text"', CommandTimeout='30']
SELECT TOP(1) [r].[RecordId], [r].[ArtistId], [r].[CoverName], [r].[Discs], [r].[Field], [r].[Folder], [r].[Length], [r].[Name], [r].[Recorded], [r].[Review], [r].[SubTitle], [a].[ArtistId], [a].[Biography], [a].[FirstName], [a].[Folder], [a].[LastName], [a].[Name], [a].[RecordArtistId]
FROM [Record] AS [r]
INNER JOIN [Artist] AS [a] ON [r].[ArtistId] = [a].[ArtistId]
WHERE [r].[RecordId] = @id
2026-08-31 17:50:55.050 +10:00 [INF] (Microsoft.EntityFrameworkCore.Database.Command) Executed DbCommand (2ms) [Parameters=[], CommandType='"Text"', CommandTimeout='30']
SELECT [a].[ArtistId], [a].[Biography], [a].[FirstName], [a].[Folder], [a].[LastName], [a].[Name], [a].[RecordArtistId]
FROM [Artist] AS [a]
ORDER BY [a].[LastName], [a].[FirstName]
2026-08-31 17:54:02.722 +10:00 [INF] (Microsoft.EntityFrameworkCore.Database.Command) Executed DbCommand (5ms) [Parameters=[], CommandType='"Text"', CommandTimeout='30']
SELECT CONVERT(varchar(11), [r].[RecordId]) AS [Value], COALESCE([r].[Name], N'Unknown Record') AS [Text]
FROM [Record] AS [r]
ORDER BY [r].[Name]
2026-08-31 17:54:17.887 +10:00 [INF] (Microsoft.EntityFrameworkCore.Database.Command) Executed DbCommand (2ms) [Parameters=[@id='?' (DbType = Int32)], CommandType='"Text"', CommandTimeout='30']
SELECT TOP(1) [r].[RecordId], [r].[ArtistId], [r].[CoverName], [r].[Discs], [r].[Field], [r].[Folder], [r].[Length], [r].[Name], [r].[Recorded], [r].[Review], [r].[SubTitle], [a].[ArtistId], [a].[Biography], [a].[FirstName], [a].[Folder], [a].[LastName], [a].[Name], [a].[RecordArtistId]
FROM [Record] AS [r]
INNER JOIN [Artist] AS [a] ON [r].[ArtistId] = [a].[ArtistId]
WHERE [r].[RecordId] = @id
2026-08-31 17:54:17.904 +10:00 [INF] (Microsoft.EntityFrameworkCore.Database.Command) Executed DbCommand (13ms) [Parameters=[@id='?' (DbType = Int32)], CommandType='"Text"', CommandTimeout='30']
SELECT [d].[DiscId], [d].[DiscNumber], [d].[Duration], [d].[Folder], [d].[Length], [d].[Name], [d].[RecordId], [d].[SubTitle], [t].[TrackId], [t].[Album], [t].[Artist], [t].[AudioChannels], [t].[AudioSampleRate], [t].[BitRate], [t].[Bits], [t].[DiscId], [t].[DiscNumber], [t].[Duration], [t].[Field], [t].[Folder], [t].[Length], [t].[Media], [t].[Name], [t].[Number], [t].[Recorded], [t].[Title]
FROM [Disc] AS [d]
LEFT JOIN [Track] AS [t] ON [d].[DiscId] = [t].[DiscId]
WHERE [d].[RecordId] = @id
ORDER BY [d].[DiscNumber], [d].[DiscId]
2026-08-31 17:54:19.332 +10:00 [INF] (Microsoft.EntityFrameworkCore.Database.Command) Executed DbCommand (3ms) [Parameters=[@id='?' (DbType = Int32)], CommandType='"Text"', CommandTimeout='30']
SELECT TOP(1) [r].[RecordId], [r].[ArtistId], [r].[CoverName], [r].[Discs], [r].[Field], [r].[Folder], [r].[Length], [r].[Name], [r].[Recorded], [r].[Review], [r].[SubTitle], [a].[ArtistId], [a].[Biography], [a].[FirstName], [a].[Folder], [a].[LastName], [a].[Name], [a].[RecordArtistId]
FROM [Record] AS [r]
INNER JOIN [Artist] AS [a] ON [r].[ArtistId] = [a].[ArtistId]
WHERE [r].[RecordId] = @id
2026-08-31 17:54:20.705 +10:00 [INF] (Microsoft.EntityFrameworkCore.Database.Command) Executed DbCommand (2ms) [Parameters=[@id='?' (DbType = Int32)], CommandType='"Text"', CommandTimeout='30']
SELECT TOP(1) [r].[RecordId], [r].[ArtistId], [r].[CoverName], [r].[Discs], [r].[Field], [r].[Folder], [r].[Length], [r].[Name], [r].[Recorded], [r].[Review], [r].[SubTitle], [a].[ArtistId], [a].[Biography], [a].[FirstName], [a].[Folder], [a].[LastName], [a].[Name], [a].[RecordArtistId]
FROM [Record] AS [r]
INNER JOIN [Artist] AS [a] ON [r].[ArtistId] = [a].[ArtistId]
WHERE [r].[RecordId] = @id
2026-08-31 17:54:20.711 +10:00 [INF] (Microsoft.EntityFrameworkCore.Database.Command) Executed DbCommand (2ms) [Parameters=[], CommandType='"Text"', CommandTimeout='30']
SELECT [a].[ArtistId], [a].[Biography], [a].[FirstName], [a].[Folder], [a].[LastName], [a].[Name], [a].[RecordArtistId]
FROM [Artist] AS [a]
ORDER BY [a].[LastName], [a].[FirstName]
2026-08-31 17:55:50.691 +10:00 [INF] (Microsoft.EntityFrameworkCore.Database.Command) Executed DbCommand (6ms) [Parameters=[@p10='?' (DbType = Int32), @p0='?' (DbType = Int32), @p1='?' (Size = 400), @p2='?' (DbType = Int32), @p3='?' (Size = 50), @p4='?' (Size = 400), @p5='?' (Size = 50), @p6='?' (Size = 150), @p7='?' (DbType = Int32), @p8='?' (Size = -1), @p9='?' (Size = 100)], CommandType='"Text"', CommandTimeout='30']
SET IMPLICIT_TRANSACTIONS OFF;
SET NOCOUNT ON;
UPDATE [Record] SET [ArtistId] = @p0, [CoverName] = @p1, [Discs] = @p2, [Field] = @p3, [Folder] = @p4, [Length] = @p5, [Name] = @p6, [Recorded] = @p7, [Review] = @p8, [SubTitle] = @p9
OUTPUT 1
WHERE [RecordId] = @p10;
2026-08-31 17:55:50.703 +10:00 [INF] (MusicDB.Pages.Records.EditModel) Successfully updated Record with id 99 (Live At The Gaslight 1962 [Columbia])
2026-08-31 17:55:50.728 +10:00 [INF] (Microsoft.EntityFrameworkCore.Database.Command) Executed DbCommand (2ms) [Parameters=[], CommandType='"Text"', CommandTimeout='30']
SELECT COUNT(*)
FROM [Record] AS [r]
2026-08-31 17:55:50.755 +10:00 [INF] (Microsoft.EntityFrameworkCore.Database.Command) Executed DbCommand (15ms) [Parameters=[@p='?' (DbType = Int32), @p1='?' (DbType = Int32)], CommandType='"Text"', CommandTimeout='30']
SELECT [r].[RecordId], [r].[ArtistId], [r].[CoverName], [r].[Discs], [r].[Field], [r].[Folder], [r].[Length], [r].[Name], [r].[Recorded], [r].[Review], [r].[SubTitle], [a].[ArtistId], [a].[Biography], [a].[FirstName], [a].[Folder], [a].[LastName], [a].[Name], [a].[RecordArtistId]
FROM [Record] AS [r]
INNER JOIN [Artist] AS [a] ON [r].[ArtistId] = [a].[ArtistId]
ORDER BY [a].[LastName], [a].[FirstName], [r].[Recorded]
OFFSET @p ROWS FETCH NEXT @p1 ROWS ONLY
2026-08-31 17:57:13.647 +10:00 [INF] (Microsoft.EntityFrameworkCore.Database.Command) Executed DbCommand (29ms) [Parameters=[], CommandType='"Text"', CommandTimeout='30']
SELECT CONVERT(varchar(11), [r].[RecordId]) AS [Value], COALESCE([r].[Name], N'Unknown Record') AS [Text]
FROM [Record] AS [r]
ORDER BY [r].[Name]
2026-08-31 17:57:24.400 +10:00 [INF] (Microsoft.EntityFrameworkCore.Database.Command) Executed DbCommand (17ms) [Parameters=[@id='?' (DbType = Int32)], CommandType='"Text"', CommandTimeout='30']
SELECT TOP(1) [r].[RecordId], [r].[ArtistId], [r].[CoverName], [r].[Discs], [r].[Field], [r].[Folder], [r].[Length], [r].[Name], [r].[Recorded], [r].[Review], [r].[SubTitle], [a].[ArtistId], [a].[Biography], [a].[FirstName], [a].[Folder], [a].[LastName], [a].[Name], [a].[RecordArtistId]
FROM [Record] AS [r]
INNER JOIN [Artist] AS [a] ON [r].[ArtistId] = [a].[ArtistId]
WHERE [r].[RecordId] = @id
2026-08-31 17:57:24.457 +10:00 [INF] (Microsoft.EntityFrameworkCore.Database.Command) Executed DbCommand (13ms) [Parameters=[@id='?' (DbType = Int32)], CommandType='"Text"', CommandTimeout='30']
SELECT [d].[DiscId], [d].[DiscNumber], [d].[Duration], [d].[Folder], [d].[Length], [d].[Name], [d].[RecordId], [d].[SubTitle], [t].[TrackId], [t].[Album], [t].[Artist], [t].[AudioChannels], [t].[AudioSampleRate], [t].[BitRate], [t].[Bits], [t].[DiscId], [t].[DiscNumber], [t].[Duration], [t].[Field], [t].[Folder], [t].[Length], [t].[Media], [t].[Name], [t].[Number], [t].[Recorded], [t].[Title]
FROM [Disc] AS [d]
LEFT JOIN [Track] AS [t] ON [d].[DiscId] = [t].[DiscId]
WHERE [d].[RecordId] = @id
ORDER BY [d].[DiscNumber], [d].[DiscId]
2026-08-31 17:57:25.977 +10:00 [INF] (Microsoft.EntityFrameworkCore.Database.Command) Executed DbCommand (2ms) [Parameters=[@id='?' (DbType = Int32)], CommandType='"Text"', CommandTimeout='30']
SELECT TOP(1) [r].[RecordId], [r].[ArtistId], [r].[CoverName], [r].[Discs], [r].[Field], [r].[Folder], [r].[Length], [r].[Name], [r].[Recorded], [r].[Review], [r].[SubTitle], [a].[ArtistId], [a].[Biography], [a].[FirstName], [a].[Folder], [a].[LastName], [a].[Name], [a].[RecordArtistId]
FROM [Record] AS [r]
INNER JOIN [Artist] AS [a] ON [r].[ArtistId] = [a].[ArtistId]
WHERE [r].[RecordId] = @id
2026-08-31 18:07:46.587 +10:00 [INF] (Microsoft.EntityFrameworkCore.Database.Command) Executed DbCommand (31ms) [Parameters=[@id='?' (DbType = Int32)], CommandType='"Text"', CommandTimeout='30']
SELECT TOP(1) [r].[RecordId], [r].[ArtistId], [r].[CoverName], [r].[Discs], [r].[Field], [r].[Folder], [r].[Length], [r].[Name], [r].[Recorded], [r].[Review], [r].[SubTitle], [a].[ArtistId], [a].[Biography], [a].[FirstName], [a].[Folder], [a].[LastName], [a].[Name], [a].[RecordArtistId]
FROM [Record] AS [r]
INNER JOIN [Artist] AS [a] ON [r].[ArtistId] = [a].[ArtistId]
WHERE [r].[RecordId] = @id
2026-08-31 18:08:04.539 +10:00 [INF] (Microsoft.EntityFrameworkCore.Database.Command) Executed DbCommand (29ms) [Parameters=[], CommandType='"Text"', CommandTimeout='30']
SELECT CONVERT(varchar(11), [r].[RecordId]) AS [Value], COALESCE([r].[Name], N'Unknown Record') AS [Text]
FROM [Record] AS [r]
ORDER BY [r].[Name]
2026-08-31 18:08:21.646 +10:00 [INF] (Microsoft.EntityFrameworkCore.Database.Command) Executed DbCommand (13ms) [Parameters=[@id='?' (DbType = Int32)], CommandType='"Text"', CommandTimeout='30']
SELECT TOP(1) [r].[RecordId], [r].[ArtistId], [r].[CoverName], [r].[Discs], [r].[Field], [r].[Folder], [r].[Length], [r].[Name], [r].[Recorded], [r].[Review], [r].[SubTitle], [a].[ArtistId], [a].[Biography], [a].[FirstName], [a].[Folder], [a].[LastName], [a].[Name], [a].[RecordArtistId]
FROM [Record] AS [r]
INNER JOIN [Artist] AS [a] ON [r].[ArtistId] = [a].[ArtistId]
WHERE [r].[RecordId] = @id
2026-08-31 18:08:21.694 +10:00 [INF] (Microsoft.EntityFrameworkCore.Database.Command) Executed DbCommand (13ms) [Parameters=[@id='?' (DbType = Int32)], CommandType='"Text"', CommandTimeout='30']
SELECT [d].[DiscId], [d].[DiscNumber], [d].[Duration], [d].[Folder], [d].[Length], [d].[Name], [d].[RecordId], [d].[SubTitle], [t].[TrackId], [t].[Album], [t].[Artist], [t].[AudioChannels], [t].[AudioSampleRate], [t].[BitRate], [t].[Bits], [t].[DiscId], [t].[DiscNumber], [t].[Duration], [t].[Field], [t].[Folder], [t].[Length], [t].[Media], [t].[Name], [t].[Number], [t].[Recorded], [t].[Title]
FROM [Disc] AS [d]
LEFT JOIN [Track] AS [t] ON [d].[DiscId] = [t].[DiscId]
WHERE [d].[RecordId] = @id
ORDER BY [d].[DiscNumber], [d].[DiscId]
2026-08-31 18:08:26.029 +10:00 [INF] (Microsoft.EntityFrameworkCore.Database.Command) Executed DbCommand (2ms) [Parameters=[@id='?' (DbType = Int32)], CommandType='"Text"', CommandTimeout='30']
SELECT TOP(1) [r].[RecordId], [r].[ArtistId], [r].[CoverName], [r].[Discs], [r].[Field], [r].[Folder], [r].[Length], [r].[Name], [r].[Recorded], [r].[Review], [r].[SubTitle], [a].[ArtistId], [a].[Biography], [a].[FirstName], [a].[Folder], [a].[LastName], [a].[Name], [a].[RecordArtistId]
FROM [Record] AS [r]
INNER JOIN [Artist] AS [a] ON [r].[ArtistId] = [a].[ArtistId]
WHERE [r].[RecordId] = @id
2026-08-31 18:08:43.692 +10:00 [INF] (Microsoft.EntityFrameworkCore.Database.Command) Executed DbCommand (2ms) [Parameters=[@id='?' (DbType = Int32)], CommandType='"Text"', CommandTimeout='30']
SELECT TOP(1) [r].[RecordId], [r].[ArtistId], [r].[CoverName], [r].[Discs], [r].[Field], [r].[Folder], [r].[Length], [r].[Name], [r].[Recorded], [r].[Review], [r].[SubTitle], [a].[ArtistId], [a].[Biography], [a].[FirstName], [a].[Folder], [a].[LastName], [a].[Name], [a].[RecordArtistId]
FROM [Record] AS [r]
INNER JOIN [Artist] AS [a] ON [r].[ArtistId] = [a].[ArtistId]
WHERE [r].[RecordId] = @id
2026-08-31 18:08:43.798 +10:00 [INF] (Microsoft.EntityFrameworkCore.Database.Command) Executed DbCommand (2ms) [Parameters=[], CommandType='"Text"', CommandTimeout='30']
SELECT [a].[ArtistId], [a].[Biography], [a].[FirstName], [a].[Folder], [a].[LastName], [a].[Name], [a].[RecordArtistId]
FROM [Artist] AS [a]
ORDER BY [a].[LastName], [a].[FirstName]
2026-08-31 18:08:51.539 +10:00 [WRN] (MusicDB.Pages.Records.EditModel) Model state is invalid. Returning to page with validation errors.
2026-08-31 18:08:51.543 +10:00 [INF] (Microsoft.EntityFrameworkCore.Database.Command) Executed DbCommand (2ms) [Parameters=[], CommandType='"Text"', CommandTimeout='30']
SELECT [a].[ArtistId], [a].[Biography], [a].[FirstName], [a].[Folder], [a].[LastName], [a].[Name], [a].[RecordArtistId]
FROM [Artist] AS [a]
ORDER BY [a].[LastName], [a].[FirstName]
2026-08-31 18:08:55.604 +10:00 [INF] (Microsoft.EntityFrameworkCore.Database.Command) Executed DbCommand (5ms) [Parameters=[], CommandType='"Text"', CommandTimeout='30']
SELECT CONVERT(varchar(11), [r].[RecordId]) AS [Value], COALESCE([r].[Name], N'Unknown Record') AS [Text]
FROM [Record] AS [r]
ORDER BY [r].[Name]
2026-08-31 18:09:43.303 +10:00 [INF] (Microsoft.EntityFrameworkCore.Database.Command) Executed DbCommand (2ms) [Parameters=[@id='?' (DbType = Int32)], CommandType='"Text"', CommandTimeout='30']
SELECT TOP(1) [r].[RecordId], [r].[ArtistId], [r].[CoverName], [r].[Discs], [r].[Field], [r].[Folder], [r].[Length], [r].[Name], [r].[Recorded], [r].[Review], [r].[SubTitle], [a].[ArtistId], [a].[Biography], [a].[FirstName], [a].[Folder], [a].[LastName], [a].[Name], [a].[RecordArtistId]
FROM [Record] AS [r]
INNER JOIN [Artist] AS [a] ON [r].[ArtistId] = [a].[ArtistId]
WHERE [r].[RecordId] = @id
2026-08-31 18:09:43.320 +10:00 [INF] (Microsoft.EntityFrameworkCore.Database.Command) Executed DbCommand (13ms) [Parameters=[@id='?' (DbType = Int32)], CommandType='"Text"', CommandTimeout='30']
SELECT [d].[DiscId], [d].[DiscNumber], [d].[Duration], [d].[Folder], [d].[Length], [d].[Name], [d].[RecordId], [d].[SubTitle], [t].[TrackId], [t].[Album], [t].[Artist], [t].[AudioChannels], [t].[AudioSampleRate], [t].[BitRate], [t].[Bits], [t].[DiscId], [t].[DiscNumber], [t].[Duration], [t].[Field], [t].[Folder], [t].[Length], [t].[Media], [t].[Name], [t].[Number], [t].[Recorded], [t].[Title]
FROM [Disc] AS [d]
LEFT JOIN [Track] AS [t] ON [d].[DiscId] = [t].[DiscId]
WHERE [d].[RecordId] = @id
ORDER BY [d].[DiscNumber], [d].[DiscId]
2026-08-31 18:09:44.907 +10:00 [INF] (Microsoft.EntityFrameworkCore.Database.Command) Executed DbCommand (2ms) [Parameters=[@id='?' (DbType = Int32)], CommandType='"Text"', CommandTimeout='30']
SELECT TOP(1) [r].[RecordId], [r].[ArtistId], [r].[CoverName], [r].[Discs], [r].[Field], [r].[Folder], [r].[Length], [r].[Name], [r].[Recorded], [r].[Review], [r].[SubTitle], [a].[ArtistId], [a].[Biography], [a].[FirstName], [a].[Folder], [a].[LastName], [a].[Name], [a].[RecordArtistId]
FROM [Record] AS [r]
INNER JOIN [Artist] AS [a] ON [r].[ArtistId] = [a].[ArtistId]
WHERE [r].[RecordId] = @id
2026-08-31 18:09:55.240 +10:00 [INF] (Microsoft.EntityFrameworkCore.Database.Command) Executed DbCommand (2ms) [Parameters=[@id='?' (DbType = Int32)], CommandType='"Text"', CommandTimeout='30']
SELECT TOP(1) [r].[RecordId], [r].[ArtistId], [r].[CoverName], [r].[Discs], [r].[Field], [r].[Folder], [r].[Length], [r].[Name], [r].[Recorded], [r].[Review], [r].[SubTitle], [a].[ArtistId], [a].[Biography], [a].[FirstName], [a].[Folder], [a].[LastName], [a].[Name], [a].[RecordArtistId]
FROM [Record] AS [r]
INNER JOIN [Artist] AS [a] ON [r].[ArtistId] = [a].[ArtistId]
WHERE [r].[RecordId] = @id
2026-08-31 18:09:55.246 +10:00 [INF] (Microsoft.EntityFrameworkCore.Database.Command) Executed DbCommand (3ms) [Parameters=[], CommandType='"Text"', CommandTimeout='30']
SELECT [a].[ArtistId], [a].[Biography], [a].[FirstName], [a].[Folder], [a].[LastName], [a].[Name], [a].[RecordArtistId]
FROM [Artist] AS [a]
ORDER BY [a].[LastName], [a].[FirstName]
2026-08-31 18:10:05.349 +10:00 [WRN] (MusicDB.Pages.Records.EditModel) Model state is invalid. Returning to page with validation errors.
2026-08-31 18:10:05.353 +10:00 [INF] (Microsoft.EntityFrameworkCore.Database.Command) Executed DbCommand (3ms) [Parameters=[], CommandType='"Text"', CommandTimeout='30']
SELECT [a].[ArtistId], [a].[Biography], [a].[FirstName], [a].[Folder], [a].[LastName], [a].[Name], [a].[RecordArtistId]
FROM [Artist] AS [a]
ORDER BY [a].[LastName], [a].[FirstName]
2026-08-31 18:10:14.379 +10:00 [WRN] (MusicDB.Pages.Records.EditModel) Model state is invalid. Returning to page with validation errors.
2026-08-31 18:10:14.384 +10:00 [INF] (Microsoft.EntityFrameworkCore.Database.Command) Executed DbCommand (3ms) [Parameters=[], CommandType='"Text"', CommandTimeout='30']
SELECT [a].[ArtistId], [a].[Biography], [a].[FirstName], [a].[Folder], [a].[LastName], [a].[Name], [a].[RecordArtistId]
FROM [Artist] AS [a]
ORDER BY [a].[LastName], [a].[FirstName]
2026-08-31 18:10:16.640 +10:00 [INF] (Microsoft.EntityFrameworkCore.Database.Command) Executed DbCommand (5ms) [Parameters=[], CommandType='"Text"', CommandTimeout='30']
SELECT CONVERT(varchar(11), [r].[RecordId]) AS [Value], COALESCE([r].[Name], N'Unknown Record') AS [Text]
FROM [Record] AS [r]
ORDER BY [r].[Name]
2026-08-31 18:11:22.628 +10:00 [INF] (Microsoft.EntityFrameworkCore.Database.Command) Executed DbCommand (28ms) [Parameters=[], CommandType='"Text"', CommandTimeout='30']
SELECT CONVERT(varchar(11), [r].[RecordId]) AS [Value], COALESCE([r].[Name], N'Unknown Record') AS [Text]
FROM [Record] AS [r]
ORDER BY [r].[Name]
2026-08-31 18:11:32.776 +10:00 [INF] (Microsoft.EntityFrameworkCore.Database.Command) Executed DbCommand (13ms) [Parameters=[@id='?' (DbType = Int32)], CommandType='"Text"', CommandTimeout='30']
SELECT TOP(1) [r].[RecordId], [r].[ArtistId], [r].[CoverName], [r].[Discs], [r].[Field], [r].[Folder], [r].[Length], [r].[Name], [r].[Recorded], [r].[Review], [r].[SubTitle], [a].[ArtistId], [a].[Biography], [a].[FirstName], [a].[Folder], [a].[LastName], [a].[Name], [a].[RecordArtistId]
FROM [Record] AS [r]
INNER JOIN [Artist] AS [a] ON [r].[ArtistId] = [a].[ArtistId]
WHERE [r].[RecordId] = @id
2026-08-31 18:11:32.825 +10:00 [INF] (Microsoft.EntityFrameworkCore.Database.Command) Executed DbCommand (14ms) [Parameters=[@id='?' (DbType = Int32)], CommandType='"Text"', CommandTimeout='30']
SELECT [d].[DiscId], [d].[DiscNumber], [d].[Duration], [d].[Folder], [d].[Length], [d].[Name], [d].[RecordId], [d].[SubTitle], [t].[TrackId], [t].[Album], [t].[Artist], [t].[AudioChannels], [t].[AudioSampleRate], [t].[BitRate], [t].[Bits], [t].[DiscId], [t].[DiscNumber], [t].[Duration], [t].[Field], [t].[Folder], [t].[Length], [t].[Media], [t].[Name], [t].[Number], [t].[Recorded], [t].[Title]
FROM [Disc] AS [d]
LEFT JOIN [Track] AS [t] ON [d].[DiscId] = [t].[DiscId]
WHERE [d].[RecordId] = @id
ORDER BY [d].[DiscNumber], [d].[DiscId]
2026-08-31 18:11:34.465 +10:00 [INF] (Microsoft.EntityFrameworkCore.Database.Command) Executed DbCommand (2ms) [Parameters=[@id='?' (DbType = Int32)], CommandType='"Text"', CommandTimeout='30']
SELECT TOP(1) [r].[RecordId], [r].[ArtistId], [r].[CoverName], [r].[Discs], [r].[Field], [r].[Folder], [r].[Length], [r].[Name], [r].[Recorded], [r].[Review], [r].[SubTitle], [a].[ArtistId], [a].[Biography], [a].[FirstName], [a].[Folder], [a].[LastName], [a].[Name], [a].[RecordArtistId]
FROM [Record] AS [r]
INNER JOIN [Artist] AS [a] ON [r].[ArtistId] = [a].[ArtistId]
WHERE [r].[RecordId] = @id
2026-08-31 18:11:48.325 +10:00 [INF] (Microsoft.EntityFrameworkCore.Database.Command) Executed DbCommand (5ms) [Parameters=[], CommandType='"Text"', CommandTimeout='30']
SELECT CONVERT(varchar(11), [r].[RecordId]) AS [Value], COALESCE([r].[Name], N'Unknown Record') AS [Text]
FROM [Record] AS [r]
ORDER BY [r].[Name]
2026-08-31 18:11:58.327 +10:00 [INF] (Microsoft.EntityFrameworkCore.Database.Command) Executed DbCommand (2ms) [Parameters=[@id='?' (DbType = Int32)], CommandType='"Text"', CommandTimeout='30']
SELECT TOP(1) [r].[RecordId], [r].[ArtistId], [r].[CoverName], [r].[Discs], [r].[Field], [r].[Folder], [r].[Length], [r].[Name], [r].[Recorded], [r].[Review], [r].[SubTitle], [a].[ArtistId], [a].[Biography], [a].[FirstName], [a].[Folder], [a].[LastName], [a].[Name], [a].[RecordArtistId]
FROM [Record] AS [r]
INNER JOIN [Artist] AS [a] ON [r].[ArtistId] = [a].[ArtistId]
WHERE [r].[RecordId] = @id
2026-08-31 18:11:58.346 +10:00 [INF] (Microsoft.EntityFrameworkCore.Database.Command) Executed DbCommand (15ms) [Parameters=[@id='?' (DbType = Int32)], CommandType='"Text"', CommandTimeout='30']
SELECT [d].[DiscId], [d].[DiscNumber], [d].[Duration], [d].[Folder], [d].[Length], [d].[Name], [d].[RecordId], [d].[SubTitle], [t].[TrackId], [t].[Album], [t].[Artist], [t].[AudioChannels], [t].[AudioSampleRate], [t].[BitRate], [t].[Bits], [t].[DiscId], [t].[DiscNumber], [t].[Duration], [t].[Field], [t].[Folder], [t].[Length], [t].[Media], [t].[Name], [t].[Number], [t].[Recorded], [t].[Title]
FROM [Disc] AS [d]
LEFT JOIN [Track] AS [t] ON [d].[DiscId] = [t].[DiscId]
WHERE [d].[RecordId] = @id
ORDER BY [d].[DiscNumber], [d].[DiscId]
2026-08-31 18:11:59.674 +10:00 [INF] (Microsoft.EntityFrameworkCore.Database.Command) Executed DbCommand (2ms) [Parameters=[@id='?' (DbType = Int32)], CommandType='"Text"', CommandTimeout='30']
SELECT TOP(1) [r].[RecordId], [r].[ArtistId], [r].[CoverName], [r].[Discs], [r].[Field], [r].[Folder], [r].[Length], [r].[Name], [r].[Recorded], [r].[Review], [r].[SubTitle], [a].[ArtistId], [a].[Biography], [a].[FirstName], [a].[Folder], [a].[LastName], [a].[Name], [a].[RecordArtistId]
FROM [Record] AS [r]
INNER JOIN [Artist] AS [a] ON [r].[ArtistId] = [a].[ArtistId]
WHERE [r].[RecordId] = @id
2026-08-31 18:12:01.042 +10:00 [INF] (Microsoft.EntityFrameworkCore.Database.Command) Executed DbCommand (2ms) [Parameters=[@id='?' (DbType = Int32)], CommandType='"Text"', CommandTimeout='30']
SELECT TOP(1) [r].[RecordId], [r].[ArtistId], [r].[CoverName], [r].[Discs], [r].[Field], [r].[Folder], [r].[Length], [r].[Name], [r].[Recorded], [r].[Review], [r].[SubTitle], [a].[ArtistId], [a].[Biography], [a].[FirstName], [a].[Folder], [a].[LastName], [a].[Name], [a].[RecordArtistId]
FROM [Record] AS [r]
INNER JOIN [Artist] AS [a] ON [r].[ArtistId] = [a].[ArtistId]
WHERE [r].[RecordId] = @id
2026-08-31 18:12:01.112 +10:00 [INF] (Microsoft.EntityFrameworkCore.Database.Command) Executed DbCommand (2ms) [Parameters=[], CommandType='"Text"', CommandTimeout='30']
SELECT [a].[ArtistId], [a].[Biography], [a].[FirstName], [a].[Folder], [a].[LastName], [a].[Name], [a].[RecordArtistId]
FROM [Artist] AS [a]
ORDER BY [a].[LastName], [a].[FirstName]
2026-08-31 18:12:21.734 +10:00 [INF] (Microsoft.EntityFrameworkCore.Database.Command) Executed DbCommand (5ms) [Parameters=[@p10='?' (DbType = Int32), @p0='?' (DbType = Int32), @p1='?' (Size = 400), @p2='?' (DbType = Int32), @p3='?' (Size = 50), @p4='?' (Size = 400), @p5='?' (Size = 50), @p6='?' (Size = 150), @p7='?' (DbType = Int32), @p8='?' (Size = -1), @p9='?' (Size = 100)], CommandType='"Text"', CommandTimeout='30']
SET IMPLICIT_TRANSACTIONS OFF;
SET NOCOUNT ON;
UPDATE [Record] SET [ArtistId] = @p0, [CoverName] = @p1, [Discs] = @p2, [Field] = @p3, [Folder] = @p4, [Length] = @p5, [Name] = @p6, [Recorded] = @p7, [Review] = @p8, [SubTitle] = @p9
OUTPUT 1
WHERE [RecordId] = @p10;
2026-08-31 18:12:21.744 +10:00 [INF] (MusicDB.Pages.Records.EditModel) Successfully updated Record with id 102 (The Gaslight Tapes [Remastered])
2026-08-31 18:12:21.769 +10:00 [INF] (Microsoft.EntityFrameworkCore.Database.Command) Executed DbCommand (2ms) [Parameters=[], CommandType='"Text"', CommandTimeout='30']
SELECT COUNT(*)
FROM [Record] AS [r]
2026-08-31 18:12:21.795 +10:00 [INF] (Microsoft.EntityFrameworkCore.Database.Command) Executed DbCommand (15ms) [Parameters=[@p='?' (DbType = Int32), @p1='?' (DbType = Int32)], CommandType='"Text"', CommandTimeout='30']
SELECT [r].[RecordId], [r].[ArtistId], [r].[CoverName], [r].[Discs], [r].[Field], [r].[Folder], [r].[Length], [r].[Name], [r].[Recorded], [r].[Review], [r].[SubTitle], [a].[ArtistId], [a].[Biography], [a].[FirstName], [a].[Folder], [a].[LastName], [a].[Name], [a].[RecordArtistId]
FROM [Record] AS [r]
INNER JOIN [Artist] AS [a] ON [r].[ArtistId] = [a].[ArtistId]
ORDER BY [a].[LastName], [a].[FirstName], [r].[Recorded]
OFFSET @p ROWS FETCH NEXT @p1 ROWS ONLY
2026-08-31 18:12:25.649 +10:00 [INF] (Microsoft.EntityFrameworkCore.Database.Command) Executed DbCommand (5ms) [Parameters=[], CommandType='"Text"', CommandTimeout='30']
SELECT CONVERT(varchar(11), [r].[RecordId]) AS [Value], COALESCE([r].[Name], N'Unknown Record') AS [Text]
FROM [Record] AS [r]
ORDER BY [r].[Name]
2026-08-31 18:12:32.996 +10:00 [INF] (Microsoft.EntityFrameworkCore.Database.Command) Executed DbCommand (2ms) [Parameters=[@id='?' (DbType = Int32)], CommandType='"Text"', CommandTimeout='30']
SELECT TOP(1) [r].[RecordId], [r].[ArtistId], [r].[CoverName], [r].[Discs], [r].[Field], [r].[Folder], [r].[Length], [r].[Name], [r].[Recorded], [r].[Review], [r].[SubTitle], [a].[ArtistId], [a].[Biography], [a].[FirstName], [a].[Folder], [a].[LastName], [a].[Name], [a].[RecordArtistId]
FROM [Record] AS [r]
INNER JOIN [Artist] AS [a] ON [r].[ArtistId] = [a].[ArtistId]
WHERE [r].[RecordId] = @id
2026-08-31 18:12:33.013 +10:00 [INF] (Microsoft.EntityFrameworkCore.Database.Command) Executed DbCommand (14ms) [Parameters=[@id='?' (DbType = Int32)], CommandType='"Text"', CommandTimeout='30']
SELECT [d].[DiscId], [d].[DiscNumber], [d].[Duration], [d].[Folder], [d].[Length], [d].[Name], [d].[RecordId], [d].[SubTitle], [t].[TrackId], [t].[Album], [t].[Artist], [t].[AudioChannels], [t].[AudioSampleRate], [t].[BitRate], [t].[Bits], [t].[DiscId], [t].[DiscNumber], [t].[Duration], [t].[Field], [t].[Folder], [t].[Length], [t].[Media], [t].[Name], [t].[Number], [t].[Recorded], [t].[Title]
FROM [Disc] AS [d]
LEFT JOIN [Track] AS [t] ON [d].[DiscId] = [t].[DiscId]
WHERE [d].[RecordId] = @id
ORDER BY [d].[DiscNumber], [d].[DiscId]
2026-08-31 18:12:34.191 +10:00 [INF] (Microsoft.EntityFrameworkCore.Database.Command) Executed DbCommand (3ms) [Parameters=[@id='?' (DbType = Int32)], CommandType='"Text"', CommandTimeout='30']
SELECT TOP(1) [r].[RecordId], [r].[ArtistId], [r].[CoverName], [r].[Discs], [r].[Field], [r].[Folder], [r].[Length], [r].[Name], [r].[Recorded], [r].[Review], [r].[SubTitle], [a].[ArtistId], [a].[Biography], [a].[FirstName], [a].[Folder], [a].[LastName], [a].[Name], [a].[RecordArtistId]
FROM [Record] AS [r]
INNER JOIN [Artist] AS [a] ON [r].[ArtistId] = [a].[ArtistId]
WHERE [r].[RecordId] = @id
